{
  "exclude": {
    "files": "^.secrets.baseline$",
    "lines": null
  },
  "generated_at": "2026-09-14T20:07:59Z",
  "plugins_used": [
    {
      "name": "AWSKeyDetector"
    },
    {
      "name": "ArtifactoryDetector"
    },
    {
      "name": "AzureStorageKeyDetector"
    },
    {
      "base64_limit": 4.5,
      "name": "Base64HighEntropyString"
    },
    {
      "name": "BasicAuthDetector"
    },
    {
      "name": "BoxDetector"
    },
    {
      "name": "CloudantDetector"
    },
    {
      "ghe_instance": "github.ibm.com",
      "name": "GheDetector"
    },
    {
      "name": "GitHubTokenDetector"
    },
    {
      "hex_limit": 3,
      "name": "HexHighEntropyString"
    },
    {
      "name": "IbmCloudIamDetector"
    },
    {
      "name": "IbmCosHmacDetector"
    },
    {
      "name": "JwtTokenDetector"
    },
    {
      "keyword_exclude": null,
      "name": "KeywordDetector"
    },
    {
      "name": "MailchimpDetector"
    },
    {
      "name": "NpmDetector"
    },
    {
      "name": "PrivateKeyDetector"
    },
    {
      "name": "SlackDetector"
    },
    {
      "name": "SoftlayerDetector"
    },
    {
      "name": "SquareOAuthDetector"
    },
    {
      "name": "StripeDetector"
    },
    {
      "name": "TwilioKeyDetector"
    }
  ],
  "results": {
    "README.md": [
      {
        "hashed_secret": "5204df45fc8c724684bbc61cd4107a726a6b9204",
        "is_verified": false,
        "line_number": 108,
        "type": "Secret Keyword",
        "verified_result": null
      },
      {
        "hashed_secret": "365a32402f2062038d01718da7de099f94555775",
        "is_verified": false,
        "line_number": 110,
        "type": "Secret Keyword",
        "verified_result": null
      },
      {
        "hashed_secret": "d3270f852a922a83e8e2dabb8535a68464ec5165",
        "is_verified": false,
        "line_number": 133,
        "type": "Secret Keyword",
        "verified_result": null
      },
      {
        "hashed_secret": "4e1e76c221c6dace8f9a2c943e00d3328366366a",
        "is_verified": false,
        "line_number": 142,
        "type": "Secret Keyword",
        "verified_result": null
      },
      {
        "hashed_secret": "54a38e82cf07a4f36900b855ca7dd0584ca9f3ff",
        "is_verified": false,
        "line_number": 144,
        "type": "Secret Keyword",
        "verified_result": null
      }
    ],
    "docs/data_connectors.md": [
      {
        "hashed_secret": "5204df45fc8c724684bbc61cd4107a726a6b9204",
        "is_verified": false,
        "line_number": 48,
        "type": "Secret Keyword",
        "verified_result": null
      },
      {
        "hashed_secret": "365a32402f2062038d01718da7de099f94555775",
        "is_verified": false,
        "line_number": 50,
        "type": "Secret Keyword",
        "verified_result": null
      },
      {
        "hashed_secret": "d401c389d24671398ced85b259e17975a4fcb65e",
        "is_verified": false,
        "line_number": 73,
        "type": "Secret Keyword",
        "verified_result": null
      },
      {
        "hashed_secret": "4e1e76c221c6dace8f9a2c943e00d3328366366a",
        "is_verified": false,
        "line_number": 82,
        "type": "Secret Keyword",
        "verified_result": null
      },
      {
        "hashed_secret": "54a38e82cf07a4f36900b855ca7dd0584ca9f3ff",
        "is_verified": false,
        "line_number": 84,
        "type": "Secret Keyword",
        "verified_result": null
      }
    ],
    "docs/examples/labels_to_data.ipynb": [
      {
        "hashed_secret": "b4c98c8116583474b0ce624687462f16212d3650",
        "is_verified": false,
        "line_number": 159,
        "type": "Base64 High Entropy String",
        "verified_result": null
      },
      {
        "hashed_secret": "2d55e648f84ed1a7ebb0049f13aaaa8feac4c656",
        "is_verified": false,
        "line_number": 699,
        "type": "Base64 High Entropy String",
        "verified_result": null
      },
      {
        "hashed_secret": "f01d3fe6a4fac4d8acdd27cf69de63dfb3cb90ae",
        "is_verified": false,
        "line_number": 1075,
        "type": "Base64 High Entropy String",
        "verified_result": null
      },
      {
        "hashed_secret": "5c3f245e2a875b184c38437fc79312a460e46f64",
        "is_verified": false,
        "line_number": 1094,
        "type": "Base64 High Entropy String",
        "verified_result": null
      },
      {
        "hashed_secret": "6eb312da2c4cd2a6af47cfbfced9f7537d29e3ca",
        "is_verified": false,
        "line_number": 1188,
        "type": "Base64 High Entropy String",
        "verified_result": null
      },
      {
        "hashed_secret": "7a115f1ced67eb4bdb8c61bfa843ff6805e83483",
        "is_verified": false,
        "line_number": 1276,
        "type": "Base64 High Entropy String",
        "verified_result": null
      },
      {
        "hashed_secret": "8eacdf4b2e1225fde9c0e61e379b6e64dc64f910",
        "is_verified": false,
        "line_number": 1286,
        "type": "Base64 High Entropy String",
        "verified_result": null
      },
      {
        "hashed_secret": "86cee4c3f71528e41a7ecdf652934f07d50b64a3",
        "is_verified": false,
        "line_number": 1388,
        "type": "Base64 High Entropy String",
        "verified_result": null
      },
      {
        "hashed_secret": "22c4272dc742fbf283fe572cd686439c29a6af06",
        "is_verified": false,
        "line_number": 1398,
        "type": "Base64 High Entropy String",
        "verified_result": null
      },
      {
        "hashed_secret": "2ef95f955e08b6e0cd9384f27bedac942b9bc98e",
        "is_verified": false,
        "line_number": 1662,
        "type": "Base64 High Entropy String",
        "verified_result": null
      },
      {
        "hashed_secret": "dcad3d7e0c43d75e00654218eeddf560c94e0d05",
        "is_verified": false,
        "line_number": 1727,
        "type": "Base64 High Entropy String",
        "verified_result": null
      },
      {
        "hashed_secret": "9030aa541bbe3cd57e8121bc4df512b24e28addf",
        "is_verified": false,
        "line_number": 1746,
        "type": "Base64 High Entropy String",
        "verified_result": null
      },
      {
        "hashed_secret": "719cffec4ca2382c1ec69049456d9114dd50ac84",
        "is_verified": false,
        "line_number": 1806,
        "type": "Base64 High Entropy String",
        "verified_result": null
      },
      {
        "hashed_secret": "cff83a50da163ee1acd619111e345870745574d9",
        "is_verified": false,
        "line_number": 1816,
        "type": "Base64 High Entropy String",
        "verified_result": null
      }
    ],
    "docs/examples/terrakit_download.ipynb": [
      {
        "hashed_secret": "22d3fe8cf3013398e16de38c7d1ab68a5ed77e37",
        "is_verified": false,
        "line_number": 176,
        "type": "Secret Keyword",
        "verified_result": null
      },
      {
        "hashed_secret": "97f8a44eec24e0a90c4217c103e88b3ddfb7f2ba",
        "is_verified": false,
        "line_number": 383,
        "type": "Secret Keyword",
        "verified_result": null
      },
      {
        "hashed_secret": "7a77237e10ab85b114a83affb9567c10eb4eda32",
        "is_verified": false,
        "line_number": 385,
        "type": "Secret Keyword",
        "verified_result": null
      },
      {
        "hashed_secret": "156d45846d67877099a7a846d3cc9c16e7dc784a",
        "is_verified": false,
        "line_number": 477,
        "type": "Secret Keyword",
        "verified_result": null
      }
    ],
    "docs/examples/terrakit_download_cds.ipynb": [
      {
        "hashed_secret": "df177a73304de2c56e0f575d6cabfe3337f03a0a",
        "is_verified": false,
        "line_number": 224,
        "type": "Hex High Entropy String",
        "verified_result": null
      },
      {
        "hashed_secret": "f7034486e49d0ed60b3bded84f7b05288be9283d",
        "is_verified": false,
        "line_number": 381,
        "type": "Base64 High Entropy String",
        "verified_result": null
      },
      {
        "hashed_secret": "b084221739b62e38c35cba68dfd407485d9b8d0c",
        "is_verified": false,
        "line_number": 416,
        "type": "Base64 High Entropy String",
        "verified_result": null
      },
      {
        "hashed_secret": "20ca62df19a4ff35b9f9f360475b0b6cd9f86007",
        "is_verified": false,
        "line_number": 533,
        "type": "Hex High Entropy String",
        "verified_result": null
      },
      {
        "hashed_secret": "cbe04e23424c932a1f0409da70d9dbd412c0847b",
        "is_verified": false,
        "line_number": 698,
        "type": "Base64 High Entropy String",
        "verified_result": null
      },
      {
        "hashed_secret": "55afa635c2fb502f4e6f3d2211909efd981f2c38",
        "is_verified": false,
        "line_number": 733,
        "type": "Base64 High Entropy String",
        "verified_result": null
      }
    ],
    "terrakit/general_utils/labels_downloader.py": [
      {
        "hashed_secret": "34fd2a7f5faa004cd1b9e4a22aa09b16d521661b",
        "is_verified": false,
        "line_number": 288,
        "type": "Hex High Entropy String",
        "verified_result": null
      }
    ],
    "tests/README.md": [
      {
        "hashed_secret": "8007c4dee43526fff2228c11187ba2c13117a0f7",
        "is_verified": false,
        "line_number": 11,
        "type": "Secret Keyword",
        "verified_result": null
      },
      {
        "hashed_secret": "5204df45fc8c724684bbc61cd4107a726a6b9204",
        "is_verified": false,
        "line_number": 76,
        "type": "Secret Keyword",
        "verified_result": null
      }
    ],
    "tests/component_tests/download/conftest.py": [
      {
        "hashed_secret": "20adce7ba26cdb1b654e8a53d42ef471580b92ad",
        "is_verified": false,
        "line_number": 77,
        "type": "Secret Keyword",
        "verified_result": null
      }
    ],
    "tests/component_tests/transform/conftest.py": [
      {
        "hashed_secret": "34fd2a7f5faa004cd1b9e4a22aa09b16d521661b",
        "is_verified": false,
        "line_number": 68,
        "type": "Hex High Entropy String",
        "verified_result": null
      }
    ]
  },
  "version": "0.13.1+ibm.64.dss",
  "word_list": {
    "file": null,
    "hash": null
  }
}
